2026-04-29 09:58:39.156: [INFO] VisibilityChanged: 0
2026-04-29 09:58:39.190: [INFO] RecordSyncInitDuration has_sync_been_enabled: 0 state: 0
2026-04-29 09:58:39.191: [INFO] RecordSyncInitDuration has_sync_been_enabled: 0 state: 0
2026-04-29 09:58:39.192: [INFO] RecordSyncInitDuration has_sync_been_enabled: 0 state: 0
2026-04-29 09:58:39.193: [INFO] RecordSyncInitDuration has_sync_been_enabled: 0 state: 0
2026-04-29 09:58:39.193: [INFO] RecordSyncInitDuration has_sync_been_enabled: 0 state: 0
2026-04-29 09:58:39.194: [INFO] RecordSyncInitDuration has_sync_been_enabled: 0 state: 0
2026-04-29 09:58:39.195: [INFO] RecordSyncInitDuration has_sync_been_enabled: 0 state: 0
2026-04-29 09:58:39.196: [INFO] RecordSyncInitDuration has_sync_been_enabled: 0 state: 0
2026-04-29 09:58:39.197: [INFO] RecordSyncInitDuration has_sync_been_enabled: 0 state: 0
2026-04-29 09:58:39.198: [INFO] RecordSyncInitDuration has_sync_been_enabled: 0 state: 0
2026-04-29 09:58:39.199: [INFO] RecordSyncInitDuration has_sync_been_enabled: 0 state: 0
2026-04-29 09:58:39.200: [INFO] RecordSyncInitDuration has_sync_been_enabled: 0 state: 0
2026-04-29 09:58:39.210: [INFO] BookmarkModelLoaded, ids_reassigned: 0
2026-04-29 09:58:39.210: [INFO] OnDoneLoading sync enabled: 0
2026-04-29 09:58:39.265: [INFO] RecordSyncInitDuration has_sync_been_enabled: 0 state: 0
2026-04-29 09:58:42.646: [INFO] BookmarkNodeAdded, ABU: 0
2026-04-29 09:58:46.424: [INFO] RecordSyncInitDuration has_sync_been_enabled: 0 state: 0
2026-04-29 09:58:46.426: [INFO] RecordSyncInitDuration has_sync_been_enabled: 0 state: 0
2026-04-29 09:58:46.432: [INFO] Primary account changed.
2026-04-29 09:58:46.432: [INFO] OnPrimaryAccountChanged PrimaryAccountChangeEvent::Type::kSet
2026-04-29 09:58:46.435: [INFO] RecordSyncInitDuration has_sync_been_enabled: 0 state: 0
2026-04-29 09:58:46.436: [INFO] RecordSyncInitDuration has_sync_been_enabled: 0 state: 0
